// Jest Snapshot v1, https://goo.gl/fbAQLP

exports[`Home has expected content with deep render 1`] = `
<div
  className="dyna-svg-defaults"
  dangerouslySetInnerHTML={
    Object {
      "__html": null,
    }
  }
  style={
    Object {
      "display": "inline-block",
      "fontSize": 0,
      "width": "20px",
    }
  }
/>
`;
